{"tool":"phpunit","result":"passed","tests":223,"passed":223,"assertions":453,"duration_ms":64984}
