{"tool":"phpunit","result":"failed","tests":0,"passed":0,"assertions":0,"duration_ms":3,"raw":["No tests found."]}
